; LGEO Colors List
;
; For use with Lars C. Hassings L3P version x.xx and up
;
; Color Name Flags (S=Solid, T=Transparent, C=Chrome, P=Pearl, M=Metallic, R=Rubber, G=Glitter)
0	lg_black	S
1	lg_blue	S
2	lg_green	S
3	lg_dark_turquoise	S
4	lg_red	S
5	lg_dark_pink	S
6	lg_brown	S
7	lg_light_gray	S
8	lg_dark_gray	S
9	lg_light_blue	S
10	lg_bright_green	S
11	lg_light_turquoise	S
12	lg_salmon	S
13	lg_pink	S
14	lg_yellow	S
15	lg_white	S
16	lg_main_colour	S
17	lg_light_green	S
18	lg_light_yellow	S
19	lg_tan	S
20	lg_light_violet	S
21	lg_glow_in_dark_opaque	T
22	lg_purple	S
23	lg_dark_blue_violet	S
24	lg_edge_colour	S
25	lg_orange	S
26	lg_magenta	S
27	lg_lime	S
28	lg_dark_tan	S
29	lg_bright_pink	S
30	lg_medium_lavender	S
31	lg_lavender	S
32	lg_trans_black_ir_lens	T
33	lg_trans_dark_blue	T
34	lg_trans_green	T
35	lg_trans_bright_green	T
36	lg_trans_red	T
37	lg_trans_dark_pink	T
38	lg_trans_neon_orange	T
39	lg_trans_very_light_blue	T
40	lg_trans_black	T
41	lg_trans_medium_blue	T
42	lg_trans_neon_green	T
43	lg_trans_light_blue	T
44	lg_trans_light_purple	T
45	lg_trans_pink	T
46	lg_trans_yellow	T
47	lg_trans_clear	T
52	lg_trans_purple	T
54	lg_trans_neon_yellow	T
57	lg_trans_orange	T
60	lg_chrome_antique_brass	C
61	lg_chrome_blue	C
62	lg_chrome_green	C
63	lg_chrome_pink	C
64	lg_chrome_black	C
65	lg_rubber_yellow	R
66	lg_rubber_trans_yellow	R
67	lg_rubber_trans_clear	R
68	lg_very_light_orange	S
69	lg_light_purple	S
70	lg_reddish_brown	S
71	lg_light_bluish_gray	S
72	lg_dark_bluish_gray	S
73	lg_medium_blue	S
74	lg_medium_green	S
77	lg_light_pink	S
78	lg_light_flesh	S
79	lg_milky_white	T
80	lg_metallic_silver	M
81	lg_metallic_green	M
82	lg_metallic_gold	M
83	lg_metallic_black	M
84	lg_medium_dark_flesh	S
85	lg_dark_purple	S
86	lg_dark_flesh	S
87	lg_metallic_dark_gray	M
89	lg_blue_violet	S
92	lg_flesh	S
100	lg_light_salmon	S
110	lg_violet	S
112	lg_medium_violet	S
115	lg_medium_lime	S
118	lg_aqua	S
120	lg_light_lime	S
125	lg_light_orange	S
128	lg_dark_nougat	S
134	lg_copper	SP
135	lg_pearl_light_gray	SP
137	lg_metal_blue	SP
142	lg_pearl_gold	SP
148	lg_pearl_dark_gray	P
150	lg_pearl_very_light_gray	P
151	lg_very_light_bluish_gray	S
178	lg_flat_dark_gold	P
179	lg_flat_silver	P
183	lg_pearl_white	P
189	lg_reddish_gold	P
191	lg_bright_light_orange	S
212	lg_bright_light_blue	S
216	lg_rust	S
218	lg_medium_purple	S
219	lg_medium_violet_alt	S
226	lg_bright_light_yellow	S
231	lg_trans_bright_light_orange	T
232	lg_sky_blue	S
234	lg_trans_fire_yellow	T
256	lg_rubber_black	R
272	lg_dark_blue	S
273	lg_rubber_blue	R
285	lg_trans_light_green	T
288	lg_dark_green	S
293	lg_trans_light_blue_violet	T
294	lg_glow_in_dark_trans	T
295	lg_flamingo_pink	S
297	lg_pearl_gold	P
300	lg_metallic_copper	M
308	lg_dark_brown	S
313	lg_maersk_blue	S
320	lg_dark_red	S
321	lg_dark_azur	S
322	lg_medium_azur	S
323	lg_light_aqua	S
324	lg_rubber_red	R
326	lg_yellowish_green	S
329	lg_glow_in_dark_white	T
330	lg_olive_green	S
334	lg_chrome_gold	SC
335	lg_sand_red	S
350	lg_rubber_orange	R
351	lg_medium_dark_pink	S
366	lg_earth_orange	S
373	lg_sand_purple	S
375	lg_rubber_light_gray	R
378	lg_sand_green	S
379	lg_sand_blue	S
383	lg_chrome_silver	SC
406	lg_rubber_dark_blue	R
449	lg_rubber_purple	R
450	lg_fabuland_brown	S
462	lg_medium_orange	S
484	lg_dark_orange	S
490	lg_rubber_lime	R
493	lg_magnet	M
494	lg_electric_contact_alloy	M
495	lg_electric_contact_copper	M
496	lg_rubber_light_bluish_gray	R
503	lg_very_light_gray	S
504	lg_rubber_flat_silver	R
511	lg_rubber_white	R
998	lg_medium_orange	S
999	lg_undefined	S
